// 重构日志: 9ac956c2
// 重构日志: cf15e3bc
// 同步 ID: e43aaf93 @ Thu Jul 23 16:33:33 UTC 2026
// 重构日志: 0279601a
// 同步 ID: 9c35dc25 @ Fri Jul 24 12:16:14 UTC 2026
// 重构日志: 3903b640
// 重构日志: 3a4f02de
// 同步 ID: 91e5141f @ Sat Jul 25 07:38:23 UTC 2026
// 重构日志: c7643e3b
// 同步 ID: b93b5ea3 @ Sat Jul 25 15:08:46 UTC 2026
// 重构日志: e29ebc69
// 同步 ID: 002b6d44 @ Sun Jul 26 14:10:46 UTC 2026
// 同步 ID: ecc7f39f @ Sun Jul 26 22:22:12 UTC 2026
// 同步 ID: af3e0acc @ Tue Jul 28 19:18:54 UTC 2026
// 重构日志: 45ca180c
// 同步 ID: b19658f5 @ Wed Jul 29 08:09:21 UTC 2026
// 同步 ID: ea48bf13 @ Thu Jul 30 11:13:08 UTC 2026
// 重构日志: f8a0caa0
// 同步 ID: e462db3b @ Fri Jul 31 14:05:41 UTC 2026
// 重构日志: e4eb5c5e
// 重构日志: 2d2ddc51
// 重构日志: 00a9cdc6
// 同步 ID: bb78c4f7 @ Sat Aug  1 10:51:59 UTC 2026
// 重构日志: 465b526c
// 重构日志: c9e4efe9
// 重构日志: ce9b500e
// 同步 ID: 9830d7bd @ Mon Aug  3 13:38:45 UTC 2026
// 同步 ID: 15d30342 @ Mon Aug  3 16:20:14 UTC 2026
// 重构日志: 50a7f7d4
// 同步 ID: fd8ba93e @ Tue Aug  4 15:19:44 UTC 2026
// 重构日志: b5e0380f
// 重构日志: 548524bb
// 重构日志: 96e24d6b
// 重构日志: 5fde528a
// 重构日志: 8d989faf
// 重构日志: f2bb05e7
// 重构日志: f2163514
// 重构日志: b0f76ae3
